../Core/Src/main.c:103:5:main	8	static
../Core/Src/main.c:197:6:SystemClock_Config	88	static
../Core/Src/main.c:243:13:MX_CAN1_Init	8	static
../Core/Src/main.c:280:13:MX_TIM1_Init	80	static
../Core/Src/main.c:345:13:MX_TIM6_Init	16	static
../Core/Src/main.c:381:13:MX_DMA_Init	16	static
../Core/Src/main.c:399:13:MX_GPIO_Init	48	static
../Core/Src/main.c:447:13:Micro_Delay	16	static
../Core/Src/main.c:451:13:Set_Pin_Output	40	static
../Core/Src/main.c:461:13:Set_Pin_Input	40	static
../Core/Src/main.c:470:13:Dht11_Start	8	static
../Core/Src/main.c:483:16:Check_Response	16	static
../Core/Src/main.c:506:16:Dht11_Read	16	static
../Core/Src/main.c:522:13:Dht11_Fct	8	static
../Core/Src/main.c:534:13:Fan_Fct	8	static
../Core/Src/main.c:555:13:CAN1_Tx	8	static
../Core/Src/main.c:579:13:CAN1_Filter	48	static
../Core/Src/main.c:596:14:CAN1_Rx	40	static
../Core/Src/main.c:605:6:HAL_CAN_TxMailbox0CompleteCallback	16	static
../Core/Src/main.c:615:7:HAL_CAN_TxMailbox1CompleteCallback	16	static
../Core/Src/main.c:624:6:HAL_CAN_TxMailbox2CompleteCallback	16	static
../Core/Src/main.c:634:7:HAL_CAN_RxFifo0MsgPendingCallback	16	static
../Core/Src/main.c:643:7:HAL_CAN_ErrorCallback	16	static
../Core/Src/main.c:658:6:Error_Handler	4	static,ignoring_inline_asm
