../Core/Src/main.c:94:5:main	8	static
../Core/Src/main.c:180:6:SystemClock_Config	88	static
../Core/Src/main.c:226:13:MX_ADC1_Init	24	static
../Core/Src/main.c:278:13:MX_CAN1_Init	8	static
../Core/Src/main.c:315:13:MX_I2C1_Init	8	static
../Core/Src/main.c:349:13:MX_TIM6_Init	16	static
../Core/Src/main.c:385:13:MX_DMA_Init	16	static
../Core/Src/main.c:406:13:MX_GPIO_Init	48	static
../Core/Src/main.c:447:6:HAL_ADC_ConvCpltCallback	16	static
../Core/Src/main.c:451:16:Rythem_Cardique	8	static
../Core/Src/main.c:468:6:HAL_TIM_PeriodElapsedCallback	16	static
../Core/Src/main.c:475:6:HAL_GPIO_EXTI_Callback	16	static
../Core/Src/main.c:483:13:Button_Urgence	8	static
../Core/Src/main.c:498:16:Read_Temperature	16	static
../Core/Src/main.c:506:13:CAN1_Tx	8	static
../Core/Src/main.c:537:6:HAL_CAN_TxMailbox0CompleteCallback	16	static
../Core/Src/main.c:547:6:HAL_CAN_TxMailbox1CompleteCallback	16	static
../Core/Src/main.c:556:6:HAL_CAN_TxMailbox2CompleteCallback	16	static
../Core/Src/main.c:565:6:HAL_CAN_ErrorCallback	16	static
../Core/Src/main.c:580:6:Error_Handler	4	static,ignoring_inline_asm
