../Core/Src/main.c:104:5:main	8	static
../Core/Src/main.c:198:6:SystemClock_Config	88	static
../Core/Src/main.c:244:13:MX_CAN1_Init	8	static
../Core/Src/main.c:281:13:MX_TIM1_Init	80	static
../Core/Src/main.c:346:13:MX_TIM6_Init	16	static
../Core/Src/main.c:382:13:MX_DMA_Init	16	static
../Core/Src/main.c:400:13:MX_GPIO_Init	48	static
../Core/Src/main.c:448:13:Micro_Delay	16	static
../Core/Src/main.c:452:13:Set_Pin_output	40	static
../Core/Src/main.c:462:13:Set_Pin_Input	40	static
../Core/Src/main.c:471:13:Dht11_Start	8	static
../Core/Src/main.c:484:16:Check_Response	16	static
../Core/Src/main.c:507:16:Dht11_Read	16	static
../Core/Src/main.c:523:13:Dht11_Fct	8	static
../Core/Src/main.c:535:13:Fan_Fct	8	static
../Core/Src/main.c:563:13:CAN1_Tx	8	static
../Core/Src/main.c:587:13:CAN1_Filter	48	static
../Core/Src/main.c:604:14:CAN1_Rx	40	static
../Core/Src/main.c:613:6:HAL_CAN_TxMailbox0CompleteCallback	16	static
../Core/Src/main.c:623:7:HAL_CAN_TxMailbox1CompleteCallback	16	static
../Core/Src/main.c:632:6:HAL_CAN_TxMailbox2CompleteCallback	16	static
../Core/Src/main.c:642:7:HAL_CAN_RxFifo0MsgPendingCallback	16	static
../Core/Src/main.c:651:7:HAL_CAN_ErrorCallback	16	static
../Core/Src/main.c:666:6:Error_Handler	4	static,ignoring_inline_asm
