../Core/Src/main.c:87:5:main	8	static
../Core/Src/main.c:168:6:SystemClock_Config	88	static
../Core/Src/main.c:214:13:MX_CAN1_Init	8	static
../Core/Src/main.c:251:13:MX_USART2_UART_Init	8	static
../Core/Src/main.c:284:13:MX_USART3_UART_Init	8	static
../Core/Src/main.c:317:13:MX_GPIO_Init	48	static
../Core/Src/main.c:344:13:CAN1_Filter	48	static
../Core/Src/main.c:361:14:CAN1_Rx	16	static
../Core/Src/main.c:412:7:HAL_CAN_TxMailbox0CompleteCallback	16	static
../Core/Src/main.c:422:8:HAL_CAN_TxMailbox1CompleteCallback	16	static
../Core/Src/main.c:431:7:HAL_CAN_TxMailbox2CompleteCallback	16	static
../Core/Src/main.c:440:7:HAL_CAN_RxFifo0MsgPendingCallback	16	static
../Core/Src/main.c:449:6:HAL_CAN_ErrorCallback	16	static
../Core/Src/main.c:457:6:HAL_UART_RxCpltCallback	16	static
../Core/Src/main.c:471:14:Send_Data_Uart	16	static
../Core/Src/main.c:474:7:Convert_Uint8_To_Uint16	32	static
../Core/Src/main.c:479:14:CAN1_Tx	32	static
../Core/Src/main.c:508:6:Error_Handler	4	static,ignoring_inline_asm
